{
  "version": "1.5.0",
  "plugins_used": [
    {
      "name": "ArtifactoryDetector"
    },
    {
      "name": "AWSKeyDetector"
    },
    {
      "name": "AzureStorageKeyDetector"
    },
    {
      "name": "Base64HighEntropyString",
      "limit": 4.5
    },
    {
      "name": "BasicAuthDetector"
    },
    {
      "name": "CloudantDetector"
    },
    {
      "name": "DiscordBotTokenDetector"
    },
    {
      "name": "GitHubTokenDetector"
    },
    {
      "name": "HexHighEntropyString",
      "limit": 3.0
    },
    {
      "name": "IbmCloudIamDetector"
    },
    {
      "name": "IbmCosHmacDetector"
    },
    {
      "name": "JwtTokenDetector"
    },
    {
      "name": "KeywordDetector",
      "keyword_exclude": ""
    },
    {
      "name": "MailchimpDetector"
    },
    {
      "name": "NpmDetector"
    },
    {
      "name": "PrivateKeyDetector"
    },
    {
      "name": "SendGridDetector"
    },
    {
      "name": "SlackDetector"
    },
    {
      "name": "SoftlayerDetector"
    },
    {
      "name": "SquareOAuthDetector"
    },
    {
      "name": "StripeDetector"
    },
    {
      "name": "TwilioKeyDetector"
    }
  ],
  "filters_used": [
    {
      "path": "detect_secrets.filters.allowlist.is_line_allowlisted"
    },
    {
      "path": "detect_secrets.filters.common.is_baseline_file",
      "filename": ".secrets.baseline"
    },
    {
      "path": "detect_secrets.filters.common.is_ignored_due_to_verification_policies",
      "min_level": 2
    },
    {
      "path": "detect_secrets.filters.heuristic.is_indirect_reference"
    },
    {
      "path": "detect_secrets.filters.heuristic.is_likely_id_string"
    },
    {
      "path": "detect_secrets.filters.heuristic.is_lock_file"
    },
    {
      "path": "detect_secrets.filters.heuristic.is_not_alphanumeric_string"
    },
    {
      "path": "detect_secrets.filters.heuristic.is_potential_uuid"
    },
    {
      "path": "detect_secrets.filters.heuristic.is_prefixed_with_lambda"
    },
    {
      "path": "detect_secrets.filters.heuristic.is_sequential_string"
    },
    {
      "path": "detect_secrets.filters.heuristic.is_templated_conf"
    }
  ],
  "results": {
    "config/no1_uv_fixtures.json": [
      {
        "type": "Hex High Entropy String",
        "filename": "config/no1_uv_fixtures.json",
        "hashed_secret": "548b4e32a50aba7298d9f36819e83015f43afaef",
        "is_verified": false,
        "line_number": 6
      },
      {
        "type": "Hex High Entropy String",
        "filename": "config/no1_uv_fixtures.json",
        "hashed_secret": "a4bec69e75ce2a8d9eca16dbb8c2ecb2873795dd",
        "is_verified": false,
        "line_number": 14
      },
      {
        "type": "Hex High Entropy String",
        "filename": "config/no1_uv_fixtures.json",
        "hashed_secret": "eab814aeed8241fcdfcbb43ff80ec7de1ea04a97",
        "is_verified": false,
        "line_number": 22
      },
      {
        "type": "Hex High Entropy String",
        "filename": "config/no1_uv_fixtures.json",
        "hashed_secret": "eda322e2b77f2028bf4d689ad086fcf8c4996bd5",
        "is_verified": false,
        "line_number": 30
      },
      {
        "type": "Hex High Entropy String",
        "filename": "config/no1_uv_fixtures.json",
        "hashed_secret": "ecdf055c54ddd1140ae6d31800912763c9e3733c",
        "is_verified": false,
        "line_number": 38
      },
      {
        "type": "Hex High Entropy String",
        "filename": "config/no1_uv_fixtures.json",
        "hashed_secret": "0f33107e47d25ad1fc9ace6a260bb3ee3e9ed105",
        "is_verified": false,
        "line_number": 46
      },
      {
        "type": "Hex High Entropy String",
        "filename": "config/no1_uv_fixtures.json",
        "hashed_secret": "206c24dd48131479c7747868be8359e4b8f6d370",
        "is_verified": false,
        "line_number": 54
      },
      {
        "type": "Hex High Entropy String",
        "filename": "config/no1_uv_fixtures.json",
        "hashed_secret": "580f10f888ab886e6c63a34e5b6d040d02eebaff",
        "is_verified": false,
        "line_number": 62
      }
    ],
    "tests/contracts/test_outdated_uv_qualification.py": [
      {
        "type": "Hex High Entropy String",
        "filename": "tests/contracts/test_outdated_uv_qualification.py",
        "hashed_secret": "548b4e32a50aba7298d9f36819e83015f43afaef",
        "is_verified": false,
        "line_number": 27
      },
      {
        "type": "Hex High Entropy String",
        "filename": "tests/contracts/test_outdated_uv_qualification.py",
        "hashed_secret": "eda322e2b77f2028bf4d689ad086fcf8c4996bd5",
        "is_verified": false,
        "line_number": 34
      },
      {
        "type": "Hex High Entropy String",
        "filename": "tests/contracts/test_outdated_uv_qualification.py",
        "hashed_secret": "206c24dd48131479c7747868be8359e4b8f6d370",
        "is_verified": false,
        "line_number": 38
      }
    ]
  },
  "generated_at": "2026-08-08T19:49:49Z"
}
