{
  "version": "1.5.0",
  "plugins_used": [
    {
      "name": "ArtifactoryDetector"
    },
    {
      "name": "AWSKeyDetector"
    },
    {
      "name": "AzureStorageKeyDetector"
    },
    {
      "name": "Base64HighEntropyString",
      "limit": 4.5
    },
    {
      "name": "BasicAuthDetector"
    },
    {
      "name": "CloudantDetector"
    },
    {
      "name": "DiscordBotTokenDetector"
    },
    {
      "name": "GitHubTokenDetector"
    },
    {
      "name": "HexHighEntropyString",
      "limit": 3.0
    },
    {
      "name": "IbmCloudIamDetector"
    },
    {
      "name": "IbmCosHmacDetector"
    },
    {
      "name": "JwtTokenDetector"
    },
    {
      "name": "KeywordDetector",
      "keyword_exclude": ""
    },
    {
      "name": "MailchimpDetector"
    },
    {
      "name": "NpmDetector"
    },
    {
      "name": "PrivateKeyDetector"
    },
    {
      "name": "SendGridDetector"
    },
    {
      "name": "SlackDetector"
    },
    {
      "name": "SoftlayerDetector"
    },
    {
      "name": "SquareOAuthDetector"
    },
    {
      "name": "StripeDetector"
    },
    {
      "name": "TwilioKeyDetector"
    }
  ],
  "filters_used": [
    {
      "path": "detect_secrets.filters.allowlist.is_line_allowlisted"
    },
    {
      "path": "detect_secrets.filters.common.is_baseline_file",
      "filename": ".secrets.baseline"
    },
    {
      "path": "detect_secrets.filters.common.is_ignored_due_to_verification_policies",
      "min_level": 2
    },
    {
      "path": "detect_secrets.filters.heuristic.is_indirect_reference"
    },
    {
      "path": "detect_secrets.filters.heuristic.is_likely_id_string"
    },
    {
      "path": "detect_secrets.filters.heuristic.is_lock_file"
    },
    {
      "path": "detect_secrets.filters.heuristic.is_not_alphanumeric_string"
    },
    {
      "path": "detect_secrets.filters.heuristic.is_potential_uuid"
    },
    {
      "path": "detect_secrets.filters.heuristic.is_prefixed_with_lambda"
    },
    {
      "path": "detect_secrets.filters.heuristic.is_sequential_string"
    },
    {
      "path": "detect_secrets.filters.heuristic.is_templated_conf"
    }
  ],
  "results": {
    "benchmarks/codegraph_compare/claim_registry.json": [
      {
        "type": "Hex High Entropy String",
        "filename": "benchmarks/codegraph_compare/claim_registry.json",
        "hashed_secret": "e40114358ffb1902583754bab92e244cb4532a5a",
        "is_verified": false,
        "line_number": 22
      }
    ],
    "config/no1_uv_fixtures.json": [
      {
        "type": "Hex High Entropy String",
        "filename": "config/no1_uv_fixtures.json",
        "hashed_secret": "548b4e32a50aba7298d9f36819e83015f43afaef",
        "is_verified": false,
        "line_number": 6
      },
      {
        "type": "Hex High Entropy String",
        "filename": "config/no1_uv_fixtures.json",
        "hashed_secret": "a4bec69e75ce2a8d9eca16dbb8c2ecb2873795dd",
        "is_verified": false,
        "line_number": 14
      },
      {
        "type": "Hex High Entropy String",
        "filename": "config/no1_uv_fixtures.json",
        "hashed_secret": "eab814aeed8241fcdfcbb43ff80ec7de1ea04a97",
        "is_verified": false,
        "line_number": 22
      },
      {
        "type": "Hex High Entropy String",
        "filename": "config/no1_uv_fixtures.json",
        "hashed_secret": "eda322e2b77f2028bf4d689ad086fcf8c4996bd5",
        "is_verified": false,
        "line_number": 30
      },
      {
        "type": "Hex High Entropy String",
        "filename": "config/no1_uv_fixtures.json",
        "hashed_secret": "ecdf055c54ddd1140ae6d31800912763c9e3733c",
        "is_verified": false,
        "line_number": 38
      },
      {
        "type": "Hex High Entropy String",
        "filename": "config/no1_uv_fixtures.json",
        "hashed_secret": "0f33107e47d25ad1fc9ace6a260bb3ee3e9ed105",
        "is_verified": false,
        "line_number": 46
      },
      {
        "type": "Hex High Entropy String",
        "filename": "config/no1_uv_fixtures.json",
        "hashed_secret": "206c24dd48131479c7747868be8359e4b8f6d370",
        "is_verified": false,
        "line_number": 54
      },
      {
        "type": "Hex High Entropy String",
        "filename": "config/no1_uv_fixtures.json",
        "hashed_secret": "580f10f888ab886e6c63a34e5b6d040d02eebaff",
        "is_verified": false,
        "line_number": 62
      }
    ],
    "docs/ai-coding-rules.md": [
      {
        "type": "Secret Keyword",
        "filename": "docs/ai-coding-rules.md",
        "hashed_secret": "59db85718c97565baccfdc97399b359640ad2eff",
        "is_verified": false,
        "line_number": 147
      }
    ],
    "docs/baselines/no1-006b-macos-e0.json": [
      {
        "type": "Hex High Entropy String",
        "filename": "docs/baselines/no1-006b-macos-e0.json",
        "hashed_secret": "1f88f649162dc38712eeff03897c9d2c3016a769",
        "is_verified": false,
        "line_number": 2
      },
      {
        "type": "Hex High Entropy String",
        "filename": "docs/baselines/no1-006b-macos-e0.json",
        "hashed_secret": "ae28a45b6fe412889fb61b7f7edcea407da04ad4",
        "is_verified": false,
        "line_number": 6
      },
      {
        "type": "Hex High Entropy String",
        "filename": "docs/baselines/no1-006b-macos-e0.json",
        "hashed_secret": "93cd720137655d31d623802b674c31ac8067f53b",
        "is_verified": false,
        "line_number": 7
      },
      {
        "type": "Hex High Entropy String",
        "filename": "docs/baselines/no1-006b-macos-e0.json",
        "hashed_secret": "6ad59c1c81c392138485b120cf81c3c181ecc340",
        "is_verified": false,
        "line_number": 8
      },
      {
        "type": "Hex High Entropy String",
        "filename": "docs/baselines/no1-006b-macos-e0.json",
        "hashed_secret": "fa615f596917f0b4b42e609ea67281e2678b0278",
        "is_verified": false,
        "line_number": 9
      },
      {
        "type": "Hex High Entropy String",
        "filename": "docs/baselines/no1-006b-macos-e0.json",
        "hashed_secret": "1b907bf6f41f39e427a680ad3b2810fada3b14fa",
        "is_verified": false,
        "line_number": 10
      },
      {
        "type": "Hex High Entropy String",
        "filename": "docs/baselines/no1-006b-macos-e0.json",
        "hashed_secret": "2a53fcfa5138a2b274eba55f5d9296afa2cf5fc3",
        "is_verified": false,
        "line_number": 53
      },
      {
        "type": "Hex High Entropy String",
        "filename": "docs/baselines/no1-006b-macos-e0.json",
        "hashed_secret": "4bff8083862190bab47b407b7083e83e29eca009",
        "is_verified": false,
        "line_number": 54
      },
      {
        "type": "Hex High Entropy String",
        "filename": "docs/baselines/no1-006b-macos-e0.json",
        "hashed_secret": "5634c03dfb479f0051374c4252b7af22a6ca2057",
        "is_verified": false,
        "line_number": 457
      },
      {
        "type": "Hex High Entropy String",
        "filename": "docs/baselines/no1-006b-macos-e0.json",
        "hashed_secret": "cd3ecf84e5a27659b2da40deb0aa1ebca3443e04",
        "is_verified": false,
        "line_number": 458
      },
      {
        "type": "Hex High Entropy String",
        "filename": "docs/baselines/no1-006b-macos-e0.json",
        "hashed_secret": "d570edb69571462ca9395681071687f2b912418c",
        "is_verified": false,
        "line_number": 469
      },
      {
        "type": "Hex High Entropy String",
        "filename": "docs/baselines/no1-006b-macos-e0.json",
        "hashed_secret": "ec0bad194c5d2c2422b30e9350357899d2467c11",
        "is_verified": false,
        "line_number": 479
      },
      {
        "type": "Hex High Entropy String",
        "filename": "docs/baselines/no1-006b-macos-e0.json",
        "hashed_secret": "9afc8e0657f53fa48f6473e3d9cb85d50a3ed05a",
        "is_verified": false,
        "line_number": 521
      },
      {
        "type": "Hex High Entropy String",
        "filename": "docs/baselines/no1-006b-macos-e0.json",
        "hashed_secret": "25e8176552bf8adf8a4627287875dd9d057d174f",
        "is_verified": false,
        "line_number": 583
      },
      {
        "type": "Hex High Entropy String",
        "filename": "docs/baselines/no1-006b-macos-e0.json",
        "hashed_secret": "4190d8a4af0c0fdb2804dce11b78e5d355f7c019",
        "is_verified": false,
        "line_number": 584
      },
      {
        "type": "Hex High Entropy String",
        "filename": "docs/baselines/no1-006b-macos-e0.json",
        "hashed_secret": "9b789805fffd7f7384d5e0f9d2eb813419d7ec48",
        "is_verified": false,
        "line_number": 588
      },
      {
        "type": "Hex High Entropy String",
        "filename": "docs/baselines/no1-006b-macos-e0.json",
        "hashed_secret": "8e6fe0fbdcae6b19571f57af754adcb88cc3382e",
        "is_verified": false,
        "line_number": 589
      }
    ],
    "rfcs/0024-default-dependency-split.md": [
      {
        "type": "Hex High Entropy String",
        "filename": "rfcs/0024-default-dependency-split.md",
        "hashed_secret": "9afc8e0657f53fa48f6473e3d9cb85d50a3ed05a",
        "is_verified": false,
        "line_number": 129
      }
    ],
    "schemas/no1-006b-baseline.schema.json": [
      {
        "type": "Hex High Entropy String",
        "filename": "schemas/no1-006b-baseline.schema.json",
        "hashed_secret": "25e8176552bf8adf8a4627287875dd9d057d174f",
        "is_verified": false,
        "line_number": 56
      },
      {
        "type": "Hex High Entropy String",
        "filename": "schemas/no1-006b-baseline.schema.json",
        "hashed_secret": "4190d8a4af0c0fdb2804dce11b78e5d355f7c019",
        "is_verified": false,
        "line_number": 57
      },
      {
        "type": "Hex High Entropy String",
        "filename": "schemas/no1-006b-baseline.schema.json",
        "hashed_secret": "cd3ecf84e5a27659b2da40deb0aa1ebca3443e04",
        "is_verified": false,
        "line_number": 58
      },
      {
        "type": "Hex High Entropy String",
        "filename": "schemas/no1-006b-baseline.schema.json",
        "hashed_secret": "8e6fe0fbdcae6b19571f57af754adcb88cc3382e",
        "is_verified": false,
        "line_number": 59
      },
      {
        "type": "Hex High Entropy String",
        "filename": "schemas/no1-006b-baseline.schema.json",
        "hashed_secret": "9b789805fffd7f7384d5e0f9d2eb813419d7ec48",
        "is_verified": false,
        "line_number": 61
      },
      {
        "type": "Hex High Entropy String",
        "filename": "schemas/no1-006b-baseline.schema.json",
        "hashed_secret": "5634c03dfb479f0051374c4252b7af22a6ca2057",
        "is_verified": false,
        "line_number": 71
      },
      {
        "type": "Hex High Entropy String",
        "filename": "schemas/no1-006b-baseline.schema.json",
        "hashed_secret": "9afc8e0657f53fa48f6473e3d9cb85d50a3ed05a",
        "is_verified": false,
        "line_number": 116
      }
    ],
    "scripts/collect_no1_006b_baseline.py": [
      {
        "type": "Hex High Entropy String",
        "filename": "scripts/collect_no1_006b_baseline.py",
        "hashed_secret": "25e8176552bf8adf8a4627287875dd9d057d174f",
        "is_verified": false,
        "line_number": 24
      },
      {
        "type": "Hex High Entropy String",
        "filename": "scripts/collect_no1_006b_baseline.py",
        "hashed_secret": "4190d8a4af0c0fdb2804dce11b78e5d355f7c019",
        "is_verified": false,
        "line_number": 25
      },
      {
        "type": "Hex High Entropy String",
        "filename": "scripts/collect_no1_006b_baseline.py",
        "hashed_secret": "cd3ecf84e5a27659b2da40deb0aa1ebca3443e04",
        "is_verified": false,
        "line_number": 26
      },
      {
        "type": "Hex High Entropy String",
        "filename": "scripts/collect_no1_006b_baseline.py",
        "hashed_secret": "8e6fe0fbdcae6b19571f57af754adcb88cc3382e",
        "is_verified": false,
        "line_number": 27
      },
      {
        "type": "Hex High Entropy String",
        "filename": "scripts/collect_no1_006b_baseline.py",
        "hashed_secret": "5634c03dfb479f0051374c4252b7af22a6ca2057",
        "is_verified": false,
        "line_number": 28
      },
      {
        "type": "Hex High Entropy String",
        "filename": "scripts/collect_no1_006b_baseline.py",
        "hashed_secret": "9b789805fffd7f7384d5e0f9d2eb813419d7ec48",
        "is_verified": false,
        "line_number": 29
      },
      {
        "type": "Hex High Entropy String",
        "filename": "scripts/collect_no1_006b_baseline.py",
        "hashed_secret": "9afc8e0657f53fa48f6473e3d9cb85d50a3ed05a",
        "is_verified": false,
        "line_number": 35
      }
    ],
    "tests/contracts/test_outdated_uv_qualification.py": [
      {
        "type": "Hex High Entropy String",
        "filename": "tests/contracts/test_outdated_uv_qualification.py",
        "hashed_secret": "548b4e32a50aba7298d9f36819e83015f43afaef",
        "is_verified": false,
        "line_number": 35
      },
      {
        "type": "Hex High Entropy String",
        "filename": "tests/contracts/test_outdated_uv_qualification.py",
        "hashed_secret": "eda322e2b77f2028bf4d689ad086fcf8c4996bd5",
        "is_verified": false,
        "line_number": 42
      },
      {
        "type": "Hex High Entropy String",
        "filename": "tests/contracts/test_outdated_uv_qualification.py",
        "hashed_secret": "206c24dd48131479c7747868be8359e4b8f6d370",
        "is_verified": false,
        "line_number": 46
      }
    ],
    "tests/golden/corpus_yaml.yaml": [
      {
        "type": "Secret Keyword",
        "filename": "tests/golden/corpus_yaml.yaml",
        "hashed_secret": "f2b14f68eb995facb3a1c35287b778d5bd785511",
        "is_verified": false,
        "line_number": 243
      }
    ],
    "tests/test_data/test_class.py": [
      {
        "type": "Secret Keyword",
        "filename": "tests/test_data/test_class.py",
        "hashed_secret": "99d72c7fc3e2e145870beab37c0b70e343ea9c3b",
        "is_verified": false,
        "line_number": 12
      }
    ],
    "tests/unit/core/test_analysis_session.py": [
      {
        "type": "Hex High Entropy String",
        "filename": "tests/unit/core/test_analysis_session.py",
        "hashed_secret": "90bd1b48e958257948487b90bee080ba5ed00caa",
        "is_verified": false,
        "line_number": 76
      },
      {
        "type": "Hex High Entropy String",
        "filename": "tests/unit/core/test_analysis_session.py",
        "hashed_secret": "14a4c490efc3a7f5e31c70cfbf86201c92136cdd",
        "is_verified": false,
        "line_number": 129
      }
    ],
    "tests/unit/core/test_exceptions.py": [
      {
        "type": "Secret Keyword",
        "filename": "tests/unit/core/test_exceptions.py",
        "hashed_secret": "f2b14f68eb995facb3a1c35287b778d5bd785511",
        "is_verified": false,
        "line_number": 321
      },
      {
        "type": "Secret Keyword",
        "filename": "tests/unit/core/test_exceptions.py",
        "hashed_secret": "e5e9fa1ba31ecd1ae84f75caaa474f3a663f05f4",
        "is_verified": false,
        "line_number": 491
      }
    ],
    "tests/unit/core/test_query_filter_properties.py": [
      {
        "type": "Base64 High Entropy String",
        "filename": "tests/unit/core/test_query_filter_properties.py",
        "hashed_secret": "e3984cf8d3e5e87a07a61c4a181596742ad43a17",
        "is_verified": false,
        "line_number": 30
      }
    ],
    "tests/unit/formatters/test_javascript_formatter_edge_cases.py": [
      {
        "type": "Basic Auth Credentials",
        "filename": "tests/unit/formatters/test_javascript_formatter_edge_cases.py",
        "hashed_secret": "9d4e1e23bd5b727046a9e3b4b7db57bd8d6ee684",
        "is_verified": false,
        "line_number": 524
      },
      {
        "type": "Hex High Entropy String",
        "filename": "tests/unit/formatters/test_javascript_formatter_edge_cases.py",
        "hashed_secret": "0f869632dedf073cb0587e8dfa43ec94c872abfc",
        "is_verified": false,
        "line_number": 598
      },
      {
        "type": "Hex High Entropy String",
        "filename": "tests/unit/formatters/test_javascript_formatter_edge_cases.py",
        "hashed_secret": "9cf5caf6c36f5cccde8c73fad8894c958f4983da",
        "is_verified": false,
        "line_number": 599
      },
      {
        "type": "Hex High Entropy String",
        "filename": "tests/unit/formatters/test_javascript_formatter_edge_cases.py",
        "hashed_secret": "7a2fc59ee66a8c20e32e7febb8203182664cdf1b",
        "is_verified": false,
        "line_number": 600
      }
    ],
    "tests/unit/security/test_security_boundary_properties.py": [
      {
        "type": "Base64 High Entropy String",
        "filename": "tests/unit/security/test_security_boundary_properties.py",
        "hashed_secret": "1d88dcdeae967e05e6e9a4463fbaa3bbff343d6e",
        "is_verified": false,
        "line_number": 61
      }
    ]
  },
  "generated_at": "2026-08-10T01:38:32Z"
}
