{
  "filters_used": [
    {
      "path": "detect_secrets.filters.allowlist.is_line_allowlisted"
    },
    {
      "filename": ".secrets.baseline",
      "path": "detect_secrets.filters.common.is_baseline_file"
    },
    {
      "min_level": 2,
      "path": "detect_secrets.filters.common.is_ignored_due_to_verification_policies"
    },
    {
      "path": "detect_secrets.filters.heuristic.is_indirect_reference"
    },
    {
      "path": "detect_secrets.filters.heuristic.is_likely_id_string"
    },
    {
      "path": "detect_secrets.filters.heuristic.is_lock_file"
    },
    {
      "path": "detect_secrets.filters.heuristic.is_not_alphanumeric_string"
    },
    {
      "path": "detect_secrets.filters.heuristic.is_potential_uuid"
    },
    {
      "path": "detect_secrets.filters.heuristic.is_prefixed_with_lambda"
    },
    {
      "path": "detect_secrets.filters.heuristic.is_sequential_string"
    },
    {
      "path": "detect_secrets.filters.heuristic.is_templated_conf"
    }
  ],
  "generated_at": "2026-08-09T21:58:21Z",
  "plugins_used": [
    {
      "name": "ArtifactoryDetector"
    },
    {
      "name": "AWSKeyDetector"
    },
    {
      "name": "AzureStorageKeyDetector"
    },
    {
      "limit": 4.5,
      "name": "Base64HighEntropyString"
    },
    {
      "name": "BasicAuthDetector"
    },
    {
      "name": "CloudantDetector"
    },
    {
      "name": "DiscordBotTokenDetector"
    },
    {
      "name": "GitHubTokenDetector"
    },
    {
      "limit": 3.0,
      "name": "HexHighEntropyString"
    },
    {
      "name": "IbmCloudIamDetector"
    },
    {
      "name": "IbmCosHmacDetector"
    },
    {
      "name": "JwtTokenDetector"
    },
    {
      "keyword_exclude": "",
      "name": "KeywordDetector"
    },
    {
      "name": "MailchimpDetector"
    },
    {
      "name": "NpmDetector"
    },
    {
      "name": "PrivateKeyDetector"
    },
    {
      "name": "SendGridDetector"
    },
    {
      "name": "SlackDetector"
    },
    {
      "name": "SoftlayerDetector"
    },
    {
      "name": "SquareOAuthDetector"
    },
    {
      "name": "StripeDetector"
    },
    {
      "name": "TwilioKeyDetector"
    }
  ],
  "results": {
    "docs/baselines/no1-006b-macos-e0.json": [
      {
        "filename": "docs/baselines/no1-006b-macos-e0.json",
        "hashed_secret": "11dc3863b4426b2feedadfefb8fe84afbd8f792b",
        "is_verified": false,
        "line_number": 2,
        "type": "Hex High Entropy String"
      },
      {
        "filename": "docs/baselines/no1-006b-macos-e0.json",
        "hashed_secret": "cf1230cc258a2df9304048f97e9576a84be3864f",
        "is_verified": false,
        "line_number": 6,
        "type": "Hex High Entropy String"
      },
      {
        "filename": "docs/baselines/no1-006b-macos-e0.json",
        "hashed_secret": "54938713ea32e74503b1d3f417d586fc353453ad",
        "is_verified": false,
        "line_number": 7,
        "type": "Hex High Entropy String"
      },
      {
        "filename": "docs/baselines/no1-006b-macos-e0.json",
        "hashed_secret": "73b501407dd65043a3c01d978c54ba7c09a73880",
        "is_verified": false,
        "line_number": 8,
        "type": "Hex High Entropy String"
      },
      {
        "filename": "docs/baselines/no1-006b-macos-e0.json",
        "hashed_secret": "e6ee229c4bdd82ea8a24f3a449c6422e054e7f0d",
        "is_verified": false,
        "line_number": 392,
        "type": "Hex High Entropy String"
      },
      {
        "filename": "docs/baselines/no1-006b-macos-e0.json",
        "hashed_secret": "cd3ecf84e5a27659b2da40deb0aa1ebca3443e04",
        "is_verified": false,
        "line_number": 393,
        "type": "Hex High Entropy String"
      },
      {
        "filename": "docs/baselines/no1-006b-macos-e0.json",
        "hashed_secret": "25e8176552bf8adf8a4627287875dd9d057d174f",
        "is_verified": false,
        "line_number": 475,
        "type": "Hex High Entropy String"
      },
      {
        "filename": "docs/baselines/no1-006b-macos-e0.json",
        "hashed_secret": "4190d8a4af0c0fdb2804dce11b78e5d355f7c019",
        "is_verified": false,
        "line_number": 476,
        "type": "Hex High Entropy String"
      },
      {
        "filename": "docs/baselines/no1-006b-macos-e0.json",
        "hashed_secret": "9b789805fffd7f7384d5e0f9d2eb813419d7ec48",
        "is_verified": false,
        "line_number": 480,
        "type": "Hex High Entropy String"
      },
      {
        "filename": "docs/baselines/no1-006b-macos-e0.json",
        "hashed_secret": "f24c706c454e4709111b5da1f20d386c9034bd5c",
        "is_verified": false,
        "line_number": 481,
        "type": "Hex High Entropy String"
      }
    ],
    "schemas/no1-006b-baseline.schema.json": [
      {
        "filename": "schemas/no1-006b-baseline.schema.json",
        "hashed_secret": "25e8176552bf8adf8a4627287875dd9d057d174f",
        "is_verified": false,
        "line_number": 46,
        "type": "Hex High Entropy String"
      }
    ],
    "scripts/collect_no1_006b_baseline.py": [
      {
        "filename": "scripts/collect_no1_006b_baseline.py",
        "hashed_secret": "25e8176552bf8adf8a4627287875dd9d057d174f",
        "is_verified": false,
        "line_number": 22,
        "type": "Hex High Entropy String"
      }
    ]
  },
  "version": "1.5.0"
}
